/* #region dist/side-effects/extras/index.cjs */
"use strict";
const sideEffects_common_commonLogger_cjs = require("../common/commonLogger.cjs");
const logger = () => sideEffects_common_commonLogger_cjs.logThePhrase("This is a logger");
const calcAndLog = (a, b, fn) => {
  sideEffects_common_commonLogger_cjs.logThePhrase(fn(a, b).toString());
};
exports.calcAndLog = calcAndLog;
exports.logger = logger;
/* #endregion */


/* #region dist/side-effects/extras/index.mjs */
import { logThePhrase } from "../common/commonLogger.mjs";
const logger = () => logThePhrase("This is a logger");
const calcAndLog = (a, b, fn) => {
  logThePhrase(fn(a, b).toString());
};
export {
  calcAndLog,
  logger
};
/* #endregion */
