// Jest Snapshot v1, https://goo.gl/fbAQLP

exports[`tests/package.test.ts > fixture multi-entry-library: dist/side-effects/extras/index.cjs 1`] = `
"use strict";
const sideEffects_common_commonLogger_cjs = require("../common/commonLogger.cjs");
const logger = () => sideEffects_common_commonLogger_cjs.logThePhrase("This is a logger");
const calcAndLog = (a, b, fn) => {
  sideEffects_common_commonLogger_cjs.logThePhrase(fn(a, b).toString());
};
exports.calcAndLog = calcAndLog;
exports.logger = logger;
`;

exports[`tests/package.test.ts > fixture multi-entry-library: dist/side-effects/extras/index.mjs 1`] = `
import { logThePhrase } from "../common/commonLogger.mjs";
const logger = () => logThePhrase("This is a logger");
const calcAndLog = (a, b, fn) => {
  logThePhrase(fn(a, b).toString());
};
export {
  calcAndLog,
  logger
};
`;
