/* #region dist/css.cjs */
"use strict";
Object.defineProperty(exports, Symbol.toStringTag, { value: "Module" });
const styles_lib_atoms_atoms_cjs = require("./styles/lib/atoms/atoms.cjs");
exports.atoms = styles_lib_atoms_atoms_cjs.atoms;
/* #endregion */


/* #region dist/css.d.mts */
export { atoms } from './index.js';
/* #endregion */


/* #region dist/css.d.ts */
export { atoms } from './index.js';
/* #endregion */


/* #region dist/css.mjs */
import { atoms } from "./styles/lib/atoms/atoms.mjs";
export {
  atoms
};
/* #endregion */
