/* #region dist/index.cjs */
"use strict";
const sideEffects_lib_reset_resetTracker_cjs = require("./side-effects/lib/reset/resetTracker.cjs");
if (process.env.NODE_ENV === "development") {
  sideEffects_lib_reset_resetTracker_cjs.ensureResetImported();
}
/* #endregion */


/* #region dist/index.d.ts */

export { }
/* #endregion */


/* #region dist/index.mjs */
import { ensureResetImported } from "./side-effects/lib/reset/resetTracker.mjs";
if (process.env.NODE_ENV === "development") {
  ensureResetImported();
}
/* #endregion */
