// Jest Snapshot v1, https://goo.gl/fbAQLP

exports[`tests/package.test.ts > fixture with-side-effects: dist/index.cjs 1`] = `
"use strict";
const sideEffects_lib_reset_resetTracker_cjs = require("./side-effects/lib/reset/resetTracker.cjs");
if (process.env.NODE_ENV === "development") {
  sideEffects_lib_reset_resetTracker_cjs.ensureResetImported();
}
`;

exports[`tests/package.test.ts > fixture with-side-effects: dist/index.d.ts 1`] = `
declare const breakpointNames: readonly ["mobile", "tablet", "desktop", "wide"];
declare const breakpoints: {
    readonly mobile: 0;
    readonly tablet: 740;
    readonly desktop: 992;
    readonly wide: 1200;
};
type Breakpoint = keyof typeof breakpoints;

declare const Box: () => null;

export { Box, Breakpoint, breakpointNames, breakpoints };
`;

exports[`tests/package.test.ts > fixture with-side-effects: dist/index.mjs 1`] = `
import { ensureResetImported } from "./side-effects/lib/reset/resetTracker.mjs";
if (process.env.NODE_ENV === "development") {
  ensureResetImported();
}
`;
