// Jest Snapshot v1, https://goo.gl/fbAQLP

exports[`tests/package.test.ts > fixture with-side-effects: dist/reset.cjs 1`] = `
"use strict";
Object.defineProperty(exports, Symbol.toStringTag, { value: "Module" });
require("./side-effects/lib/reset/index.cjs");
const styles_lib_breakpoints_cjs = require("./styles/lib/breakpoints.cjs");
if (process.env.NO_SIDE_EFFECTS !== "clearly") {
  throw new Error("side-effect");
}
exports.breakpointNames = styles_lib_breakpoints_cjs.breakpointNames;
exports.breakpoints = styles_lib_breakpoints_cjs.breakpoints;
`;

exports[`tests/package.test.ts > fixture with-side-effects: dist/reset.d.ts 1`] = `export { Breakpoint, breakpointNames, breakpoints } from './index.js';`;

exports[`tests/package.test.ts > fixture with-side-effects: dist/reset.mjs 1`] = `
import "./side-effects/lib/reset/index.mjs";
import { breakpointNames, breakpoints } from "./styles/lib/breakpoints.mjs";
if (process.env.NO_SIDE_EFFECTS !== "clearly") {
  throw new Error("side-effect");
}
export {
  breakpointNames,
  breakpoints
};
`;
