// Jest Snapshot v1, https://goo.gl/fbAQLP

exports[`tests/package.test.ts > fixture with-side-effects: dist/side-effects/lib/reset/index.cjs 1`] = `
"use strict";
const sideEffects_lib_reset_resetTracker_cjs = require("./resetTracker.cjs");
require("../../../styles/lib/atoms/sprinkles.css.cjs");
require("../../../styles/lib/reset/reset.css.cjs");
if (process.env.NODE_ENV === "development") {
  sideEffects_lib_reset_resetTracker_cjs.markResetImported();
}
`;

exports[`tests/package.test.ts > fixture with-side-effects: dist/side-effects/lib/reset/index.mjs 1`] = `
import { markResetImported } from "./resetTracker.mjs";
import "../../../styles/lib/atoms/sprinkles.css.mjs";
import "../../../styles/lib/reset/reset.css.mjs";
if (process.env.NODE_ENV === "development") {
  markResetImported();
}
`;
