/* #region dist/styles/Component.css.cjs */
"use strict";
const fileScope = require("@vanilla-extract/css/fileScope");
const css = require("@vanilla-extract/css");
fileScope.setFileScope("src/Component.css.ts", "@crackle-fixtures/with-styles");
const redBorder = css.style({
  border: "5px solid red"
}, "redBorder");
fileScope.endFileScope();
exports.redBorder = redBorder;
/* #endregion */


/* #region dist/styles/Component.css.mjs */
import { setFileScope, endFileScope } from "@vanilla-extract/css/fileScope";
import { style } from "@vanilla-extract/css";
setFileScope("src/Component.css.ts", "@crackle-fixtures/with-styles");
const redBorder = style({
  border: "5px solid red"
}, "redBorder");
endFileScope();
export {
  redBorder
};
/* #endregion */
