/* #region dist/index.cjs */
"use strict";
Object.defineProperty(exports, Symbol.toStringTag, { value: "Module" });
const maybe = "something";
exports.maybe = maybe;
/* #endregion */


/* #region dist/index.d.ts */
export { Maybe, maybe } from './some/other/file.js';
/* #endregion */


/* #region dist/index.mjs */
const maybe = "something";
export {
  maybe
};
/* #endregion */
