/* #region dist/components.cjs */
"use strict";
Object.defineProperty(exports, Symbol.toStringTag, { value: "Module" });
const JobSummary = require("./JobSummary.chunk.cjs");
exports.JobSummary = JobSummary.JobSummary;
/* #endregion */


/* #region dist/components.d.mts */
export { JobSummary } from './index.js';
/* #endregion */


/* #region dist/components.d.ts */
export { JobSummary } from './index.js';
/* #endregion */


/* #region dist/components.mjs */
import { JobSummary } from "./JobSummary.chunk.mjs";
export {
  JobSummary
};
/* #endregion */
