/* #region dist/extras.cjs */
"use strict";
Object.defineProperty(exports, Symbol.toStringTag, { value: "Module" });
const devDep = "dev-dep-export";
const logger = (...args) => (
  // eslint-disable-next-line no-console
  console.log("This logs", devDep, ":", ...args)
);
const calcAndLog = (a, b, fn) => logger(fn(a, b).toString());
exports.calcAndLog = calcAndLog;
exports.logger = logger;
/* #endregion */


/* #region dist/extras.d.mts */
export { DevDepType, calcAndLog, logger } from './index.js';
/* #endregion */


/* #region dist/extras.d.ts */
export { DevDepType, calcAndLog, logger } from './index.js';
/* #endregion */


/* #region dist/extras.mjs */
const devDep = "dev-dep-export";
const logger = (...args) => (
  // eslint-disable-next-line no-console
  console.log("This logs", devDep, ":", ...args)
);
const calcAndLog = (a, b, fn) => logger(fn(a, b).toString());
export {
  calcAndLog,
  logger
};
/* #endregion */
