/* #region dist/index.cjs */
"use strict";
Object.defineProperty(exports, Symbol.toStringTag, { value: "Module" });
const some_other_file_cjs = require("./some/other/file.cjs");
const lib_Component_cjs = require("./lib/Component.cjs");
exports.maybe = some_other_file_cjs.maybe;
exports.Component = lib_Component_cjs.Component;
/* #endregion */


/* #region dist/index.d.mts */
import * as react_jsx_runtime from 'react/jsx-runtime';

type Maybe = 'something' | 'other';
declare const maybe: Maybe;

declare const _default: () => react_jsx_runtime.JSX.Element;

export { _default as Component, type Maybe, maybe };
/* #endregion */


/* #region dist/index.d.ts */
import * as react_jsx_runtime from 'react/jsx-runtime';

type Maybe = 'something' | 'other';
declare const maybe: Maybe;

declare const _default: () => react_jsx_runtime.JSX.Element;

export { _default as Component, type Maybe, maybe };
/* #endregion */


/* #region dist/index.mjs */
import { maybe } from "./some/other/file.mjs";
import { Component } from "./lib/Component.mjs";
export {
  Component,
  maybe
};
/* #endregion */
