/* #region dist/styles/lib/breakpoints.cjs */
"use strict";
const breakpointNames = ["mobile", "tablet", "desktop", "wide"];
const breakpoints = {
  mobile: 0,
  tablet: 740,
  desktop: 992,
  wide: 1200
};
exports.breakpointNames = breakpointNames;
exports.breakpoints = breakpoints;
/* #endregion */


/* #region dist/styles/lib/breakpoints.mjs */
const breakpointNames = ["mobile", "tablet", "desktop", "wide"];
const breakpoints = {
  mobile: 0,
  tablet: 740,
  desktop: 992,
  wide: 1200
};
export {
  breakpointNames,
  breakpoints
};
/* #endregion */
