// Jest Snapshot v1, https://goo.gl/fbAQLP

exports[`tests/package.test.ts > fixture with-side-effects: dist/styles/lib/breakpoints.cjs 1`] = `
"use strict";
const breakpointNames = ["mobile", "tablet", "desktop", "wide"];
const breakpoints = {
  mobile: 0,
  tablet: 740,
  desktop: 992,
  wide: 1200
};
exports.breakpointNames = breakpointNames;
exports.breakpoints = breakpoints;
`;

exports[`tests/package.test.ts > fixture with-side-effects: dist/styles/lib/breakpoints.mjs 1`] = `
const breakpointNames = ["mobile", "tablet", "desktop", "wide"];
const breakpoints = {
  mobile: 0,
  tablet: 740,
  desktop: 992,
  wide: 1200
};
export {
  breakpointNames,
  breakpoints
};
`;
