// Jest Snapshot v1, https://goo.gl/fbAQLP

exports[`tests/package.test.ts > fixture library-with-docs: dist/index.cjs 1`] = `
"use strict";
Object.defineProperty(exports, Symbol.toStringTag, { value: "Module" });
const sideEffects_components_JobSummary_JobSummary_cjs = require("./side-effects/components/JobSummary/JobSummary.cjs");
exports.JobSummary = sideEffects_components_JobSummary_JobSummary_cjs.JobSummary;
`;

exports[`tests/package.test.ts > fixture library-with-docs: dist/index.d.ts 1`] = `
interface JobSummaryProps {
    title: string;
    isNew: boolean;
}
declare const JobSummary: ({ title, isNew }: JobSummaryProps) => JSX.Element;

export { JobSummary };
`;

exports[`tests/package.test.ts > fixture library-with-docs: dist/index.mjs 1`] = `
import { JobSummary } from "./side-effects/components/JobSummary/JobSummary.mjs";
export {
  JobSummary
};
`;
