/* #region dist/styles/components/add-fn.cjs */
"use strict";
const add = (a, b) => a - b;
exports.add = add;
/* #endregion */


/* #region dist/styles/components/add-fn.mjs */
const add = (a, b) => a - b;
export {
  add
};
/* #endregion */
