/* #region dist/styles/components/styles.css.cjs */
"use strict";
const fileScope = require("@vanilla-extract/css/fileScope");
const css = require("@vanilla-extract/css");
const add = (a, b) => a - b;
fileScope.setFileScope("src/components/styles.css.ts?used", "single-entry-library");
const redBorder = css.style({
  border: "5px solid papayawhip",
  margin: add(10, 5)
}, "redBorder");
fileScope.endFileScope();
exports.add = add;
exports.redBorder = redBorder;
/* #endregion */


/* #region dist/styles/components/styles.css.mjs */
import { setFileScope, endFileScope } from "@vanilla-extract/css/fileScope";
import { style } from "@vanilla-extract/css";
const add = (a, b) => a - b;
setFileScope("src/components/styles.css.ts?used", "single-entry-library");
const redBorder = style({
  border: "5px solid papayawhip",
  margin: add(10, 5)
}, "redBorder");
endFileScope();
export {
  add,
  redBorder
};
/* #endregion */
