// Jest Snapshot v1, https://goo.gl/fbAQLP

exports[`tests/package.test.ts > fixture with-dep-hidden-package-json: dist/index.cjs 1`] = `
"use strict";
const hiddenPackageJson = require("@crackle-fixtures/hidden-package-json");
const _interopDefaultCompat = (e) => e && typeof e === "object" && "default" in e ? e : { default: e };
const hiddenPackageJson__default = /* @__PURE__ */ _interopDefaultCompat(hiddenPackageJson);
module.exports = hiddenPackageJson__default.default;
`;

exports[`tests/package.test.ts > fixture with-dep-hidden-package-json: dist/index.d.ts 1`] = `export { default } from '@crackle-fixtures/hidden-package-json';`;

exports[`tests/package.test.ts > fixture with-dep-hidden-package-json: dist/index.mjs 1`] = `
import { default as default2 } from "@crackle-fixtures/hidden-package-json";
export {
  default2 as default
};
`;
