// Jest Snapshot v1, https://goo.gl/fbAQLP

exports[`tests/dev.test.ts > fixture dev-entries: dist/cli.cjs 1`] = `
require("../node_modules/.pnpm/tsm@2.3.0/node_modules/tsm/require.js");

module.exports = require("../fixtures/dev-entries/src/entries/cli.ts");
`;

exports[`tests/dev.test.ts > fixture dev-entries: dist/cli.d.ts 1`] = `export * from "../src/entries/cli";`;

exports[`tests/dev.test.ts > fixture dev-entries: dist/cli.mjs 1`] = `
import { createRequire } from "module";

const require = createRequire(import.meta.url);

require("../node_modules/.pnpm/tsm@2.3.0/node_modules/tsm/require.js");

export {}
`;
