/* #region dist/cli.cjs */
require("../../../node_modules/.pnpm/tsx@[version]/node_modules/tsx/dist/cjs/index.cjs");

module.exports = require("../src/entries/cli.ts");
/* #endregion */


/* #region dist/cli.d.mts */
export * from "../src/entries/cli";
/* #endregion */


/* #region dist/cli.d.ts */
export * from "../src/entries/cli";
/* #endregion */


/* #region dist/cli.mjs */
import { createRequire } from "module";

const require = createRequire(import.meta.url);

require("../../../node_modules/.pnpm/tsx@[version]/node_modules/tsx/dist/cjs/index.cjs");

export {};
/* #endregion */
