/* #region dist/index.cjs */
require("../../../node_modules/.pnpm/tsx@4.6.1/node_modules/tsx/dist/cjs/index.cjs");

module.exports = require("../src/index.ts");
/* #endregion */


/* #region dist/index.d.mts */
export * from "../src/index";
export { default } from "../src/index";
/* #endregion */


/* #region dist/index.d.ts */
export * from "../src/index";
export { default } from "../src/index";
/* #endregion */


/* #region dist/index.mjs */
import { createRequire } from "module";

const require = createRequire(import.meta.url);

require("../../../node_modules/.pnpm/tsx@4.6.1/node_modules/tsx/dist/cjs/index.cjs");

const _mod = require("../src/index.ts");

export const something = _mod.something;
export default _mod.default;
/* #endregion */
