/* #region dist/re-export.cjs */
require("../../../node_modules/.pnpm/tsx@[version]/node_modules/tsx/dist/cjs/index.cjs");

const _mod = require("../src/entries/re-export.ts");

module.exports = _mod;
/* #endregion */


/* #region dist/re-export.d.mts */
export * from "../src/entries/re-export";
export { default } from "../src/entries/re-export";
/* #endregion */


/* #region dist/re-export.d.ts */
export * from "../src/entries/re-export";
export { default } from "../src/entries/re-export";
/* #endregion */


/* #region dist/re-export.mjs */
import { createRequire } from "module";

const require = createRequire(import.meta.url);

require("../../../node_modules/.pnpm/tsx@[version]/node_modules/tsx/dist/cjs/index.cjs");

const _mod = require("../src/entries/re-export.ts");

export const something = _mod.something;
export default _mod.default;
/* #endregion */
