/* #region dist/style.css */
.external {
  display: none;
  font-size: 9px;
}
/* #endregion */
