/* #region dist/with-styles.css */
.external {
  display: none;
  font-size: 9px;
}
/* #endregion */
