/* #region dist/lib/Component.cjs */
"use strict";
const jsxRuntime = require("react/jsx-runtime");
const lib_Component_css_cjs = require("./Component.css.cjs");
const Component = () => /* @__PURE__ */ jsxRuntime.jsx("div", { className: lib_Component_css_cjs.redBorder, children: /* @__PURE__ */ jsxRuntime.jsx("span", { className: "external" }) });
exports.Component = Component;
/* #endregion */


/* #region dist/lib/Component.mjs */
import { jsx } from "react/jsx-runtime";
import { redBorder } from "./Component.css.mjs";
const Component = () => /* @__PURE__ */ jsx("div", { className: redBorder, children: /* @__PURE__ */ jsx("span", { className: "external" }) });
export {
  Component
};
/* #endregion */
