/* #region dist/styles/lib/atoms/sprinkles.css.cjs */
"use strict";
const fileScope = require("@vanilla-extract/css/fileScope");
const css = require("@vanilla-extract/css");
const sprinkles$1 = require("@vanilla-extract/sprinkles");
const styles_lib_breakpoints_cjs = require("../breakpoints.cjs");
const styles_lib_atoms_atomicProperties_cjs = require("./atomicProperties.cjs");
fileScope.setFileScope("src/lib/atoms/sprinkles.css.ts", "with-side-effects");
css.style({}, "darkMode");
const responsiveAtomicProperties = sprinkles$1.defineProperties({
  defaultCondition: "mobile",
  conditions: {
    mobile: {},
    tablet: {
      "@media": `screen and (min-width: ${styles_lib_breakpoints_cjs.breakpoints.tablet}px)`
    },
    desktop: {
      "@media": `screen and (min-width: ${styles_lib_breakpoints_cjs.breakpoints.desktop}px)`
    },
    wide: {
      "@media": `screen and (min-width: ${styles_lib_breakpoints_cjs.breakpoints.wide}px)`
    }
  },
  responsiveArray: styles_lib_breakpoints_cjs.breakpointNames,
  properties: styles_lib_atoms_atomicProperties_cjs.responsiveProperties,
  shorthands: {
    padding: ["paddingBottom", "paddingTop", "paddingLeft", "paddingRight"],
    paddingY: ["paddingTop", "paddingBottom"],
    paddingX: ["paddingLeft", "paddingRight"]
  }
});
const sprinkles = sprinkles$1.createSprinkles(responsiveAtomicProperties);
sprinkles$1.createNormalizeValueFn(responsiveAtomicProperties);
sprinkles$1.createMapValueFn(responsiveAtomicProperties);
fileScope.endFileScope();
exports.sprinkles = sprinkles;
/* #endregion */


/* #region dist/styles/lib/atoms/sprinkles.css.mjs */
import { setFileScope, endFileScope } from "@vanilla-extract/css/fileScope";
import { style } from "@vanilla-extract/css";
import { defineProperties, createSprinkles, createNormalizeValueFn, createMapValueFn } from "@vanilla-extract/sprinkles";
import { breakpoints, breakpointNames } from "../breakpoints.mjs";
import { responsiveProperties } from "./atomicProperties.mjs";
setFileScope("src/lib/atoms/sprinkles.css.ts", "with-side-effects");
style({}, "darkMode");
const responsiveAtomicProperties = defineProperties({
  defaultCondition: "mobile",
  conditions: {
    mobile: {},
    tablet: {
      "@media": `screen and (min-width: ${breakpoints.tablet}px)`
    },
    desktop: {
      "@media": `screen and (min-width: ${breakpoints.desktop}px)`
    },
    wide: {
      "@media": `screen and (min-width: ${breakpoints.wide}px)`
    }
  },
  responsiveArray: breakpointNames,
  properties: responsiveProperties,
  shorthands: {
    padding: ["paddingBottom", "paddingTop", "paddingLeft", "paddingRight"],
    paddingY: ["paddingTop", "paddingBottom"],
    paddingX: ["paddingLeft", "paddingRight"]
  }
});
const sprinkles = createSprinkles(responsiveAtomicProperties);
createNormalizeValueFn(responsiveAtomicProperties);
createMapValueFn(responsiveAtomicProperties);
endFileScope();
export {
  sprinkles
};
/* #endregion */
